// Jest Snapshot v1, https://goo.gl/fbAQLP

exports[`Button Rendering should match to snapshot 1`] = `
<View
  style={
    {
      "alignSelf": "center",
      "flex": 1,
    }
  }
>
  <View
    style={
      {
        "flex": 0.4,
        "paddingTop": 30,
      }
    }
  >
    <Button
      onPress={[Function]}
      title="Login with Email"
    />
    <View
      style={
        {
          "padding": 10,
        }
      }
    />
    <Button
      onPress={[Function]}
      title="Login with PhoneNumber"
    />
  </View>
  <TextInput
    onChangeText={[Function]}
    placeholder="Enter Email"
    style={
      {
        "borderRadius": 15,
        "borderWidth": 0.5,
        "margin": 15,
        "padding": 10,
        "paddingHorizontal": 45,
      }
    }
    testID="emailtext"
    value=""
  />
  <TextInput
    onChangeText={[Function]}
    placeholder="Enter Phonenumber"
    style={
      {
        "borderRadius": 15,
        "borderWidth": 0.5,
        "margin": 15,
        "padding": 10,
        "paddingHorizontal": 45,
      }
    }
    testID="phonetext"
    value=""
  />
  <Text
    style={
      {
        "color": "red",
        "marginTop": -15,
        "paddingLeft": 18,
      }
    }
  />
  <TextInput
    onChangeText={[Function]}
    passwordRules="(?=.*d)(?=.*[a-z])(?=.*[A-Z]).{8,}"
    placeholder="Enter Password"
    secureTextEntry={true}
    style={
      {
        "borderRadius": 15,
        "borderWidth": 0.5,
        "margin": 15,
        "padding": 10,
        "paddingHorizontal": 45,
      }
    }
    testID="passwordtest"
    value=""
  />
  <TouchableOpacity
    onPress={[Function]}
    style={
      {
        "backgroundColor": "green",
        "borderRadius": 10,
        "padding": 10,
      }
    }
    testID="loginbtn"
  >
    <Text
      style={
        {
          "alignSelf": "center",
          "color": "#FFFFFF",
          "fontSize": 18,
          "fontWeight": "bold",
        }
      }
    >
      Login
    </Text>
  </TouchableOpacity>
</View>
`;
