// Jest Snapshot v1, https://goo.gl/fbAQLP

exports[`Render Check Rendering should match to snapshot 1`] = `
<ForwardRef(NavigationContainerInner)>
  <Navigator />
</ForwardRef(NavigationContainerInner)>
`;

exports[`Render Check Rendering should match to snapshot 2`] = `
<NativeStackNavigator
  initialRouteName="Login"
>
  <Screen
    component={[Function]}
    name="Login"
    options={
      {
        "headerShown": false,
      }
    }
  />
  <Screen
    component={[Function]}
    name="Register"
    options={
      {
        "headerShown": false,
      }
    }
  />
  <Screen
    component={[Function]}
    name="Home"
    options={
      {
        "headerShown": false,
      }
    }
  />
</NativeStackNavigator>
`;
